// Jest Snapshot v1, https://goo.gl/fbAQLP

exports[`Jest tests Should match snapshot of test UI 1`] = `
[
  <h1>
    Hello World! 
    0
  </h1>,
  <button
    onClick={[Function]}
  >
    Press Me!
  </button>,
]
`;
